{
 "Calculated Base and Downside": [
  [
   "Case / Period / Metric",
   "Value"
  ],
  [
   "BASE / FY2024 / accessible_liquidity",
   3.6
  ],
  [
   "BASE / FY2024 / total_leverage",
   3.1
  ],
  [
   "BASE / FY2025 / accessible_liquidity",
   3.73
  ],
  [
   "BASE / FY2025 / total_leverage",
   3.23
  ],
  [
   "DOWNSIDE / FY2024 / accessible_liquidity",
   4.3
  ],
  [
   "DOWNSIDE / FY2024 / total_leverage",
   3.8
  ],
  [
   "DOWNSIDE / FY2025 / accessible_liquidity",
   4.43
  ],
  [
   "DOWNSIDE / FY2025 / total_leverage",
   3.93
  ],
  [
   null,
   null
  ],
  [
   "Financials · Calculated Base and Downside Outputs · Locked · model · <id> · Generated values are locked to the selected model authority.",
   null
  ]
 ],
 "Cover & Control": [
  [
   "Field",
   "Value"
  ],
  [
   "Document",
   "Issuer — Investment Committee Credit Memo"
  ],
  [
   "Issuer",
   "Issuer"
  ],
  [
   "Case",
   "Case"
  ],
  [
   "Report type",
   "Investment Committee Credit Memo"
  ],
  [
   "Pathway",
   "FULL_CREDIT"
  ],
  [
   "As-of date",
   "Unavailable"
  ],
  [
   "Deliverable",
   "dlv-<sha256>"
  ],
  [
   "Draft version",
   "1"
  ],
  [
   "Accepted run",
   "Unavailable"
  ],
  [
   "Accepted snapshot",
   "<id>"
  ],
  [
   "Source set",
   "<id> v1"
  ],
  [
   "Model identity",
   "ANALYST_REVISION · build <id> · revision <id> · runtime cp_model_v3_python 3"
  ],
  [
   "Methodology build",
   "<methodology-build>"
  ],
  [
   "Machine assistance",
   "Provider identity unavailable for the accepted analysis"
  ],
  [
   "Opinion owner",
   "analyst"
  ],
  [
   "Opinion signed at",
   "<timestamp>"
  ],
  [
   "Approval state",
   "PENDING APPROVAL"
  ],
  [
   "Watermark",
   "PENDING APPROVAL"
  ],
  [
   "Approver identity",
   "Recorded in the detached filing receipt and the audit chain, never in this workbook"
  ],
  [
   "Deliverable",
   "dlv-<sha256>"
  ],
  [
   "Draft version",
   "1"
  ],
  [
   "Draft digest",
   "<sha256>"
  ],
  [
   "Content digest",
   "<sha256>"
  ],
  [
   "Input fingerprint",
   "<sha256>"
  ],
  [
   "Methodology build",
   "<methodology-build>"
  ],
  [
   "Renderer",
   "caos.deliverable-renderer.v3"
  ],
  [
   "Disclosure · content origin",
   "Sections are labelled by origin: analyst judgment, model calculation, accepted analysis artifact, or system control record."
  ],
  [
   "Disclosure · sources",
   "1 supplied documents in the pinned source set; 1 cited."
  ],
  [
   "Disclosure · machine assistance",
   "Provider identity unavailable for the accepted analysis"
  ],
  [
   "Disclosure · analyst opinion owner",
   "analyst"
  ],
  [
   "Disclosure · approval state",
   "PENDING APPROVAL"
  ],
  [
   "Disclosure · as of date",
   "Unavailable"
  ],
  [
   "Disclosure · version",
   "dlv-<sha256> · Draft v1"
  ],
  [
   "Disclosure · limitation",
   "Analyst limitations: Covenant definitions were not disclosed in the supplied pack."
  ],
  [
   "Sheets",
   "Report (narrative and profiles), one sheet per table, Revision Record"
  ]
 ],
 "Evidence Register": [
  [
   "Source",
   "Blocks",
   "Claim"
  ],
  [
   "<id>",
   "b00001",
   "Pinned evidence line supports the opinion."
  ],
  [
   null,
   null,
   null
  ],
  [
   "Evidence · Evidence Register · Locked · artifact · <id>",
   null,
   null
  ]
 ],
 "Generated Metrics · 01": [
  [
   "Metric / Case / Period",
   "Value"
  ],
  [
   "total_leverage / BASE / FY2024",
   3.1
  ],
  [
   "total_leverage / BASE / FY2025",
   3.23
  ],
  [
   "total_leverage / DOWNSIDE / FY2024",
   3.8
  ],
  [
   "total_leverage / DOWNSIDE / FY2025",
   3.93
  ],
  [
   null,
   null
  ],
  [
   "Appendix · Generated Metrics · 01 · Locked · model · <id> · Generated values are locked to the selected model authority.",
   null
  ]
 ],
 "Model Appendix": [
  [
   "Case / Period / Metric",
   "Value"
  ],
  [
   "BASE / FY2024 / accessible_liquidity",
   3.6
  ],
  [
   "BASE / FY2024 / total_leverage",
   3.1
  ],
  [
   "BASE / FY2025 / accessible_liquidity",
   3.73
  ],
  [
   "BASE / FY2025 / total_leverage",
   3.23
  ],
  [
   "DOWNSIDE / FY2024 / accessible_liquidity",
   4.3
  ],
  [
   "DOWNSIDE / FY2024 / total_leverage",
   3.8
  ],
  [
   "DOWNSIDE / FY2025 / accessible_liquidity",
   4.43
  ],
  [
   "DOWNSIDE / FY2025 / total_leverage",
   3.93
  ],
  [
   null,
   null
  ],
  [
   "Appendix · Model Appendix · Locked · model · <id> · Complete calculated output projection for review.",
   null
  ]
 ],
 "Registered Evidence Inventory": [
  [
   "Source",
   "Blocks",
   "Status"
  ],
  [
   "<id>",
   "b00001",
   "live"
  ],
  [
   null,
   null,
   null
  ],
  [
   "Control · Registered Evidence Inventory · Locked · artifact · <id>",
   null,
   null
  ]
 ],
 "Report": [
  [
   "Page",
   "Section",
   "Origin",
   "Authority",
   "Field",
   "Content"
  ],
  [
   "Decision",
   "Analyst Opinion",
   "Analyst judgment",
   "<id>",
   "Text",
   "Hold: the credit remains adequately covered through the forecast horizon."
  ],
  [
   "Decision",
   "Opinion Sign-Off",
   "Analyst judgment",
   "<id>",
   "Limitations",
   "Covenant definitions were not disclosed in the supplied pack."
  ],
  [
   "Decision",
   "Opinion Sign-Off",
   "Analyst judgment",
   "<id>",
   "Material overrides",
   "None"
  ],
  [
   "Decision",
   "Opinion Sign-Off",
   "Analyst judgment",
   "<id>",
   "Rationale",
   "Leverage and liquidity conclusions rest on the cited annual and interim filings."
  ],
  [
   "Decision",
   "Opinion Sign-Off",
   "Analyst judgment",
   "<id>",
   "Signed by",
   "analyst"
  ],
  [
   "Decision",
   "Opinion Sign-Off",
   "Analyst judgment",
   "<id>",
   "Signed at",
   "<timestamp>"
  ],
  [
   "Decision",
   "Opinion Sign-Off",
   "Analyst judgment",
   "<id>",
   "Opinion digest",
   "<sha256>"
  ],
  [
   "Decision",
   "Opinion Sign-Off",
   "Analyst judgment",
   "<id>",
   "Approval state",
   "PENDING APPROVAL"
  ],
  [
   "Decision",
   "Credit Snapshot",
   "Locked",
   "<id>",
   "Group",
   "2 sections follow"
  ],
  [
   "Decision",
   "Accepted Analysis",
   "Locked",
   "<id>",
   "Snapshot",
   "<id>"
  ],
  [
   "Decision",
   "Analyst Snapshot",
   "Analyst judgment",
   "full_credit.section.01",
   "Text",
   "Judgment: the issuer’s liquidity is adequate. 债务重组条款仍在谈判中。 Ο δανειστής διατηρεί επαρκή ρευστότητα. Türkçe: nakit akışı yeterli görünüyor. Naïve façade — “curly” quotes, ﬁ/ﬂ ligature pairs, and a right-to-left mark‏ follow."
  ],
  [
   "Decision",
   "Recommendation",
   "Analyst judgment",
   "full_credit.section.02",
   "Text",
   "Judgment: the issuer’s liquidity is adequate. 债务重组条款仍在谈判中。 Ο δανειστής διατηρεί επαρκή ρευστότητα. Türkçe: nakit akışı yeterli görünüyor. Naïve façade — “curly” quotes, ﬁ/ﬂ ligature pairs, and a right-to-left mark‏ follow."
  ],
  [
   "Decision",
   "Thesis and Variant View",
   "Analyst judgment",
   "full_credit.section.03",
   "Text",
   "Judgment: the issuer’s liquidity is adequate. 债务重组条款仍在谈判中。 Ο δανειστής διατηρεί επαρκή ρευστότητα. Türkçe: nakit akışı yeterli görünüyor. Naïve façade — “curly” quotes, ﬁ/ﬂ ligature pairs, and a right-to-left mark‏ follow."
  ],
  [
   "Business",
   "Business and Industry",
   "Analyst judgment",
   "full_credit.section.04",
   "Text",
   "Judgment: the issuer’s liquidity is adequate. 债务重组条款仍在谈判中。 Ο δανειστής διατηρεί επαρκή ρευστότητα. Türkçe: nakit akışı yeterli görünüyor. Naïve façade — “curly” quotes, ﬁ/ﬂ ligature pairs, and a right-to-left mark‏ follow."
  ],
  [
   "Financials",
   "Capital Structure",
   "Analyst judgment",
   "full_credit.section.05",
   "Text",
   "Judgment: the issuer’s liquidity is adequate. 债务重组条款仍在谈判中。 Ο δανειστής διατηρεί επαρκή ρευστότητα. Türkçe: nakit akışı yeterli görünüyor. Naïve façade — “curly” quotes, ﬁ/ﬂ ligature pairs, and a right-to-left mark‏ follow."
  ],
  [
   "Financials",
   "Base and Downside Model",
   "Locked",
   "<id>",
   "Group",
   "2 sections follow"
  ],
  [
   "Financials",
   "Analyst Model View",
   "Analyst judgment",
   "full_credit.section.06",
   "Text",
   "Judgment: the issuer’s liquidity is adequate. 债务重组条款仍在谈判中。 Ο δανειστής διατηρεί επαρκή ρευστότητα. Türkçe: nakit akışı yeterli görünüyor. Naïve façade — “curly” quotes, ﬁ/ﬂ ligature pairs, and a right-to-left mark‏ follow."
  ],
  [
   "Financials",
   "Calculated Base and Downside Outputs",
   "Locked",
   "<id>",
   "Table",
   "See sheet 'Calculated Base and Downside' (8 rows)"
  ],
  [
   "Financials",
   "Calculated Base and Downside Outputs",
   "Locked",
   "<id>",
   "Note",
   "Generated values are locked to the selected model authority."
  ],
  [
   "Financials",
   "Liquidity and Covenants",
   "Analyst judgment",
   "full_credit.section.07",
   "Text",
   "Judgment: the issuer’s liquidity is adequate. 债务重组条款仍在谈判中。 Ο δανειστής διατηρεί επαρκή ρευστότητα. Türkçe: nakit akışı yeterli görünüyor. Naïve façade — “curly” quotes, ﬁ/ﬂ ligature pairs, and a right-to-left mark‏ follow."
  ],
  [
   "Risk",
   "Risks, Catalysts, and Falsifiers",
   "Analyst judgment",
   "full_credit.section.08",
   "Text",
   "Judgment: the issuer’s liquidity is adequate. 债务重组条款仍在谈判中。 Ο δανειστής διατηρεί επαρκή ρευστότητα. Türkçe: nakit akışı yeterli görünüyor. Naïve façade — “curly” quotes, ﬁ/ﬂ ligature pairs, and a right-to-left mark‏ follow."
  ],
  [
   "Risk",
   "Monitoring",
   "Analyst judgment",
   "full_credit.section.09",
   "Text",
   "Judgment: the issuer’s liquidity is adequate. 债务重组条款仍在谈判中。 Ο δανειστής διατηρεί επαρκή ρευστότητα. Türkçe: nakit akışı yeterli görünüyor. Naïve façade — “curly” quotes, ﬁ/ﬂ ligature pairs, and a right-to-left mark‏ follow."
  ],
  [
   "Appendix",
   "Generated Metrics · 01",
   "Locked",
   "<id>",
   "Table",
   "See sheet 'Generated Metrics · 01' (4 rows)"
  ],
  [
   "Appendix",
   "Generated Metrics · 01",
   "Locked",
   "<id>",
   "Note",
   "Generated values are locked to the selected model authority."
  ],
  [
   "Appendix",
   "Model Appendix",
   "Locked",
   "<id>",
   "Table",
   "See sheet 'Model Appendix' (8 rows)"
  ],
  [
   "Appendix",
   "Model Appendix",
   "Locked",
   "<id>",
   "Note",
   "Complete calculated output projection for review."
  ],
  [
   "Evidence",
   "Evidence Register",
   "Locked",
   "<id>",
   "Table",
   "See sheet 'Evidence Register' (1 rows)"
  ],
  [
   "Control",
   "Control Status",
   "Locked",
   "dlv-<sha256>",
   "Approval state",
   "PENDING APPROVAL"
  ],
  [
   "Control",
   "Control Status",
   "Locked",
   "dlv-<sha256>",
   "Opinion owner",
   "analyst · <timestamp>"
  ],
  [
   "Control",
   "Control Status",
   "Locked",
   "dlv-<sha256>",
   "Freeze identity",
   "dlv-<sha256> · Draft v1 · <sha256>"
  ],
  [
   "Control",
   "Control Status",
   "Locked",
   "dlv-<sha256>",
   "Input fingerprint",
   "<sha256>"
  ],
  [
   "Control",
   "Control Status",
   "Locked",
   "dlv-<sha256>",
   "Accepted snapshot",
   "<id>"
  ],
  [
   "Control",
   "Control Status",
   "Locked",
   "dlv-<sha256>",
   "Source set",
   "<id> v1"
  ],
  [
   "Control",
   "Control Status",
   "Locked",
   "dlv-<sha256>",
   "As-of date",
   "Unavailable"
  ],
  [
   "Control",
   "Control Status",
   "Locked",
   "dlv-<sha256>",
   "Model identity",
   "ANALYST_REVISION · build <id> · revision <id> · runtime cp_model_v3_python 3"
  ],
  [
   "Control",
   "Control Status",
   "Locked",
   "dlv-<sha256>",
   "Methodology build",
   "<methodology-build>"
  ],
  [
   "Control",
   "Control Status",
   "Locked",
   "dlv-<sha256>",
   "Machine assistance",
   "Provider identity unavailable for the accepted analysis"
  ],
  [
   "Control",
   "Control Status",
   "Locked",
   "dlv-<sha256>",
   "Renderer",
   "caos.deliverable-renderer.v3"
  ],
  [
   "Control",
   "Control Status",
   "Locked",
   "dlv-<sha256>",
   "Approver identity",
   "Recorded in the detached filing receipt and the audit chain, never in these bytes"
  ],
  [
   "Control",
   "Source Document Register",
   "Locked",
   "<id>",
   "Table",
   "See sheet 'Source Document Register' (1 rows)"
  ],
  [
   "Control",
   "Source Document Register",
   "Locked",
   "<id>",
   "Note",
   "Every supplied document in the pinned source set with its host disposition; cited means referenced by this deliverable's evidence register."
  ],
  [
   "Control",
   "Registered Evidence Inventory",
   "Locked",
   "<id>",
   "Table",
   "See sheet 'Registered Evidence Inventory' (1 rows)"
  ],
  [
   "Control",
   "Limitations and Open QA",
   "Analyst judgment",
   "<id>",
   "Item",
   "Analyst limitations: Covenant definitions were not disclosed in the supplied pack."
  ],
  [
   "Control",
   "Content Origin",
   "Locked",
   "dlv-<sha256>",
   "Analyst-owned sections",
   "9"
  ],
  [
   "Control",
   "Content Origin",
   "Locked",
   "dlv-<sha256>",
   "Model-locked sections",
   "4"
  ],
  [
   "Control",
   "Content Origin",
   "Locked",
   "dlv-<sha256>",
   "Artifact-locked sections",
   "3"
  ],
  [
   "Control",
   "Content Origin",
   "Locked",
   "dlv-<sha256>",
   "System sections",
   "0"
  ],
  [
   "Control",
   "Content Origin",
   "Locked",
   "dlv-<sha256>",
   "Convention",
   "Analyst judgment is labelled as such; locked sections carry the authority id they were generated from; Unavailable marks a value the sources or the model did not provide."
  ]
 ],
 "Revision Record": [
  [
   "Field",
   "Value"
  ],
  [
   "Deliverable",
   "dlv-<sha256>"
  ],
  [
   "Draft version",
   "1"
  ],
  [
   "Draft digest",
   "<sha256>"
  ],
  [
   "Content digest",
   "<sha256>"
  ],
  [
   "Input fingerprint",
   "<sha256>"
  ],
  [
   "Methodology build",
   "<methodology-build>"
  ],
  [
   "Renderer",
   "caos.deliverable-renderer.v3"
  ]
 ],
 "Source Document Register": [
  [
   "Source",
   "Filename",
   "SHA-256",
   "Type",
   "Period",
   "Disposition",
   "Cited"
  ],
  [
   "<id>",
   "doc.txt",
   "<sha256>",
   "unclassified",
   "Unavailable",
   "used",
   "Yes"
  ],
  [
   null,
   null,
   null,
   null,
   null,
   null,
   null
  ],
  [
   "Control · Source Document Register · Locked · artifact · <id> · Every supplied document in the pinned source set with its host disposition; cited means referenced by this deliverable's evidence register.",
   null,
   null,
   null,
   null,
   null,
   null
  ]
 ]
}